// Jest Snapshot v1, https://goo.gl/fbAQLP

exports[`Gallery should match Gallery snapshot 1`] = `
<DocumentFragment>
  <section
    aria-label="photos"
    id="photos"
  >
    <div
      class="container-fluid p-0"
    >
      <div
        class="row no-gutters"
      >
        <div
          class="col-lg-3 col-sm-6"
        >
          <a
            aria-label="Test Title 1"
            class="photos-box"
            href="test-src"
          >
            <div
              class="gatsby-image-wrapper gatsby-image-wrapper-constrained"
              data-gatsby-image-wrapper=""
              style="position: relative; overflow: hidden; display: inline-block; vertical-align: top;"
            >
              <div
                style="max-width: 1px; display: block;"
              >
                <img
                  alt=""
                  aria-hidden="true"
                  role="presentation"
                  src="data:image/svg+xml;charset=utf-8,%3Csvg height='0.6666666666666666' width='1' xmlns='http://www.w3.org/2000/svg' version='1.1'%3E%3C/svg%3E"
                  style="max-width: 100%; display: block; position: static;"
                />
              </div>
              <img
                alt=""
                aria-hidden="true"
                data-placeholder-image=""
                decoding="async"
                src="test-base64"
                style="height: 100%; left: 0px; position: absolute; top: 0px; width: 100%;"
              />
              <img
                alt="Test Title 1"
                data-gatsby-image-ssr=""
                data-main-image=""
                data-src="test-src"
                data-srcset="test-srcSet"
                decoding="async"
                loading="lazy"
                sizes="100vw"
                style="height: 100%; left: 0px; position: absolute; top: 0px; transform: translateZ(0); transition: opacity 250ms linear; width: 100%; will-change: opacity; opacity: 0;"
              />
              <noscript />
              <script
                type="module"
              >
                const t="undefined"!=typeof HTMLImageElement&&"loading"in HTMLImageElement.prototype;if(t){const t=document.querySelectorAll("img[data-main-image]");for(let e of t){e.dataset.src&&(e.setAttribute("src",e.dataset.src),e.removeAttribute("data-src")),e.dataset.srcset&&(e.setAttribute("srcset",e.dataset.srcset),e.removeAttribute("data-srcset"));const t=e.parentNode.querySelectorAll("source[data-srcset]");for(let e of t)e.setAttribute("srcset",e.dataset.srcset),e.removeAttribute("data-srcset");e.complete&&(e.style.opacity=1)}}
              </script>
            </div>
            <div
              class="photos-box-caption"
            >
              <div
                class="project-category text-white-50"
              >
                June 2001
              </div>
              <div
                class="project-name"
              >
                Test Title 1
              </div>
            </div>
          </a>
        </div>
        <div
          class="col-lg-3 col-sm-6"
        >
          <a
            aria-label="Test Title 2"
            class="photos-box"
            href="test-src"
          >
            <div
              class="gatsby-image-wrapper gatsby-image-wrapper-constrained"
              data-gatsby-image-wrapper=""
              style="position: relative; overflow: hidden; display: inline-block; vertical-align: top;"
            >
              <div
                style="max-width: 1px; display: block;"
              >
                <img
                  alt=""
                  aria-hidden="true"
                  role="presentation"
                  src="data:image/svg+xml;charset=utf-8,%3Csvg height='0.6666666666666666' width='1' xmlns='http://www.w3.org/2000/svg' version='1.1'%3E%3C/svg%3E"
                  style="max-width: 100%; display: block; position: static;"
                />
              </div>
              <img
                alt=""
                aria-hidden="true"
                data-placeholder-image=""
                decoding="async"
                src="test-base64"
                style="height: 100%; left: 0px; position: absolute; top: 0px; width: 100%;"
              />
              <img
                alt="Test Title 2"
                data-gatsby-image-ssr=""
                data-main-image=""
                data-src="test-src"
                data-srcset="test-srcSet"
                decoding="async"
                loading="lazy"
                sizes="100vw"
                style="height: 100%; left: 0px; position: absolute; top: 0px; transform: translateZ(0); transition: opacity 250ms linear; width: 100%; will-change: opacity; opacity: 0;"
              />
              <noscript />
              <script
                type="module"
              >
                const t="undefined"!=typeof HTMLImageElement&&"loading"in HTMLImageElement.prototype;if(t){const t=document.querySelectorAll("img[data-main-image]");for(let e of t){e.dataset.src&&(e.setAttribute("src",e.dataset.src),e.removeAttribute("data-src")),e.dataset.srcset&&(e.setAttribute("srcset",e.dataset.srcset),e.removeAttribute("data-srcset"));const t=e.parentNode.querySelectorAll("source[data-srcset]");for(let e of t)e.setAttribute("srcset",e.dataset.srcset),e.removeAttribute("data-srcset");e.complete&&(e.style.opacity=1)}}
              </script>
            </div>
            <div
              class="photos-box-caption"
            >
              <div
                class="project-category text-white-50"
              >
                June 2002
              </div>
              <div
                class="project-name"
              >
                Test Title 2
              </div>
            </div>
          </a>
        </div>
      </div>
    </div>
  </section>
</DocumentFragment>
`;
