// Jest Snapshot v1, https://goo.gl/fbAQLP

exports[`Layout should match Layout snapshot 1`] = `
<DocumentFragment>
  <div
    class="test div"
  />
</DocumentFragment>
`;
